c:\users\student2\desktop\就活用\festivalmusic\festivalmusic\festivalmusic\x64\debug\vc145.pdb
c:\users\student2\desktop\就活用\festivalmusic\festivalmusic\festivalmusic\x64\debug\titlescene.obj
c:\users\student2\desktop\就活用\festivalmusic\festivalmusic\festivalmusic\x64\debug\resultscene.obj
c:\users\student2\desktop\就活用\festivalmusic\festivalmusic\festivalmusic\x64\debug\gamescene.obj
c:\users\student2\desktop\就活用\festivalmusic\festivalmusic\festivalmusic\x64\debug\scenemanager.obj
c:\users\student2\desktop\就活用\festivalmusic\festivalmusic\festivalmusic\x64\debug\inputmanager.obj
c:\users\student2\desktop\就活用\festivalmusic\festivalmusic\festivalmusic\x64\debug\main.obj
c:\users\student2\desktop\就活用\festivalmusic\festivalmusic\festivalmusic\x64\debug\application.obj
c:\users\student2\desktop\就活用\festivalmusic\festivalmusic\x64\debug\festivalmusic.exe
c:\users\student2\desktop\就活用\festivalmusic\festivalmusic\x64\debug\festivalmusic.pdb
c:\users\student2\desktop\就活用\festivalmusic\festivalmusic\festivalmusic\x64\debug\festivalmusic.ipdb
c:\users\student2\desktop\就活用\festivalmusic\festivalmusic\festivalmusic\x64\debug\festivalmusic.iobj
c:\users\student2\desktop\就活用\festivalmusic\festivalmusic\festivalmusic\x64\debug\festivalmusic.tlog\cl.command.1.tlog
c:\users\student2\desktop\就活用\festivalmusic\festivalmusic\festivalmusic\x64\debug\festivalmusic.tlog\cl.items.tlog
c:\users\student2\desktop\就活用\festivalmusic\festivalmusic\festivalmusic\x64\debug\festivalmusic.tlog\cl.read.1.tlog
c:\users\student2\desktop\就活用\festivalmusic\festivalmusic\festivalmusic\x64\debug\festivalmusic.tlog\cl.write.1.tlog
c:\users\student2\desktop\就活用\festivalmusic\festivalmusic\festivalmusic\x64\debug\festivalmusic.tlog\link.command.1.tlog
c:\users\student2\desktop\就活用\festivalmusic\festivalmusic\festivalmusic\x64\debug\festivalmusic.tlog\link.read.1.tlog
c:\users\student2\desktop\就活用\festivalmusic\festivalmusic\festivalmusic\x64\debug\festivalmusic.tlog\link.secondary.1.tlog
c:\users\student2\desktop\就活用\festivalmusic\festivalmusic\festivalmusic\x64\debug\festivalmusic.tlog\link.write.1.tlog
